###############################################################################
#
# IAR ELF Linker V2.20.1.176 for STM8                     23/Apr/2018  14:19:39
# Copyright 2010-2015 IAR Systems AB.
#
#    Output file  =  E:\WorkSpace\STM8\Flowerpot\Debug\Exe\main.out
#    Map file     =  E:\WorkSpace\STM8\Flowerpot\Debug\List\main.map
#    Command line =  
#        E:\WorkSpace\STM8\Flowerpot\Debug\Obj\B_LUX_V22.o
#        E:\WorkSpace\STM8\Flowerpot\Debug\Obj\main.o -o
#        E:\WorkSpace\STM8\Flowerpot\Debug\Exe\main.out --map
#        E:\WorkSpace\STM8\Flowerpot\Debug\List\main.map --config "D:\Program
#        Files (x86)\IAR Systems\Embedded Workbench
#        7.3\stm8\config\lnkstm8s103f3.icf" --config_def _CSTACK_SIZE=0x100
#        --config_def _HEAP_SIZE=0x100 --entry __iar_program_start --debug_lib
#
###############################################################################

*******************************************************************************
*** RUNTIME MODEL ATTRIBUTES
***

__Heap_Handler             = Basic
__SystemLibrary            = DLib
__code_model               = small
__core                     = stm8
__data_model               = medium
__dlib_file_descriptor     = 1
__dlib_full_locale_support = 1
__rt_version               = 4


*******************************************************************************
*** PLACEMENT SUMMARY
***

"A1":  place at start of [0x000000-0x0000ff] { rw section .vregs };
"A2":  place at end of [0x000000-0x0003ff] { block CSTACK };
"P2":  place in [from 0x000000 to 0x0003ff] {
          block HEAP, rw section __DLIB_PERTHREAD, rw section .far.bss,
          rw section .far.data, rw section .far.noinit,
          rw section .far_func.textrw, rw section .huge.bss,
          rw section .huge.data, rw section .huge.noinit,
          rw section .huge_func.textrw, rw section .iar.dynexit,
          rw section .near.bss, rw section .near.data, rw section .near.noinit,
          rw section .near_func.textrw };
"A3":  place at start of [0x008000-0x009fff] { block INTVEC };
"P3":  place in [from 0x008000 to 0x009fff] {
          ro section __DLIB_PERTHREAD_init, ro section .far.data_init,
          ro section .far_func.textrw_init, ro section .huge.data_init,
          ro section .huge_func.textrw_init, ro section .iar.init_table,
          ro section .init_array, ro section .near.data_init,
          ro section .near.rodata, ro section .near_func.text,
          ro section .near_func.textrw_init, ro section .tiny.data_init,
          ro section .tiny.rodata_init };

  Section            Kind      Address    Size  Object
  -------            ----      -------    ----  ------
"A1":                                      0xc
  .vregs             uninit   0x000000     0xc  vregs.o [4]
                            - 0x00000c     0xc

"P2", part 1 of 2:                        0x28
  P2-1                        0x00000c    0x28  <Init block>
    .near.data       inited   0x00000c    0x28  xfiles.o [4]
                            - 0x000034    0x28

"P2", part 2 of 2:                        0x62
  .near.bss          zero     0x000034    0x50  xfiles.o [4]
  .near.bss          zero     0x000084     0x8  B_LUX_V22.o [1]
  .near.bss          zero     0x00008c     0x3  main.o [1]
  .near.bss          zero     0x00008f     0x2  B_LUX_V22.o [1]
  .near.bss          zero     0x000091     0x1  main.o [1]
  .near.bss          zero     0x000092     0x1  main.o [1]
  .near.bss          zero     0x000093     0x1  main.o [1]
  .near.bss          zero     0x000094     0x1  main.o [1]
  .near.bss          zero     0x000095     0x1  main.o [1]
                            - 0x000096    0x62

"A2":                                    0x100
  CSTACK                      0x000300   0x100  <Block>
    CSTACK           uninit   0x000300   0x100  <Block tail>
                            - 0x000400   0x100

Absolute sections, part 1 of 14:           0x5
  .near.noinit       uninit   0x005000     0x1  main.o [1]
  .near.noinit       uninit   0x005001     0x1  main.o [1]
  .near.noinit       uninit   0x005002     0x1  main.o [1]
  .near.noinit       uninit   0x005003     0x1  main.o [1]
  .near.noinit       uninit   0x005004     0x1  main.o [1]
                            - 0x005005     0x5

Absolute sections, part 2 of 14:           0x3
  .near.noinit       uninit   0x00500c     0x1  main.o [1]
  .near.noinit       uninit   0x00500d     0x1  main.o [1]
  .near.noinit       uninit   0x00500e     0x1  main.o [1]
                            - 0x00500f     0x3

Absolute sections, part 3 of 14:           0x2
  .near.noinit       uninit   0x005011     0x1  main.o [1]
  .near.noinit       uninit   0x005012     0x1  main.o [1]
                            - 0x005013     0x2

Absolute sections, part 4 of 14:           0x1
  .near.noinit       uninit   0x0050a0     0x1  main.o [1]
                            - 0x0050a1     0x1

Absolute sections, part 5 of 14:           0x1
  .near.noinit       uninit   0x0050c6     0x1  main.o [1]
                            - 0x0050c7     0x1

Absolute sections, part 6 of 14:           0x6
  .near.noinit       uninit   0x005230     0x1  main.o [1]
  .near.noinit       uninit   0x005231     0x1  main.o [1]
  .near.noinit       uninit   0x005232     0x1  main.o [1]
  .near.noinit       uninit   0x005233     0x1  main.o [1]
  .near.noinit       uninit   0x005234     0x1  main.o [1]
  .near.noinit       uninit   0x005235     0x1  main.o [1]
                            - 0x005236     0x6

Absolute sections, part 7 of 14:           0x1
  .near.noinit       uninit   0x005300     0x1  main.o [1]
                            - 0x005301     0x1

Absolute sections, part 8 of 14:           0x1
  .near.noinit       uninit   0x005304     0x1  main.o [1]
                            - 0x005305     0x1

Absolute sections, part 9 of 14:           0x5
  .near.noinit       uninit   0x00530c     0x1  main.o [1]
  .near.noinit       uninit   0x00530d     0x1  main.o [1]
  .near.noinit       uninit   0x00530e     0x1  main.o [1]
  .near.noinit       uninit   0x00530f     0x1  main.o [1]
  .near.noinit       uninit   0x005310     0x1  main.o [1]
                            - 0x005311     0x5

Absolute sections, part 10 of 14:          0x1
  .near.noinit       uninit   0x005340     0x1  main.o [1]
                            - 0x005341     0x1

Absolute sections, part 11 of 14:          0x1
  .near.noinit       uninit   0x005344     0x1  main.o [1]
                            - 0x005345     0x1

Absolute sections, part 12 of 14:          0x2
  .near.noinit       uninit   0x005346     0x1  main.o [1]
  .near.noinit       uninit   0x005347     0x1  main.o [1]
                            - 0x005348     0x2

Absolute sections, part 13 of 14:          0x3
  .near.noinit       uninit   0x005400     0x1  main.o [1]
  .near.noinit       uninit   0x005401     0x1  main.o [1]
  .near.noinit       uninit   0x005402     0x1  main.o [1]
                            - 0x005403     0x3

Absolute sections, part 14 of 14:          0x2
  .near.noinit       uninit   0x005404     0x1  main.o [1]
  .near.noinit       uninit   0x005405     0x1  main.o [1]
                            - 0x005406     0x2

"A3":                                     0x80
  INTVEC                      0x008000    0x80  <Block>
    .intvec          const    0x008000    0x80  interrupt.o [4]
                            - 0x008080    0x80

"P3":                                   0x11e3
  .near_func.text    ro code  0x008080   0x3a0  xprintfsmall_nomb.o [4]
  .near_func.text    ro code  0x008420   0x2ae  float.o [4]
  .near_func.text    ro code  0x0086ce   0x200  main.o [1]
  .near_func.text    ro code  0x0088ce   0x18a  B_LUX_V22.o [1]
  .near_func.text    ro code  0x008a58   0x171  xprintfsmall_nomb.o [4]
  .near_func.text    ro code  0x008bc9    0xc3  vreg_util.o [4]
  .near_func.text    ro code  0x008c8c    0xb6  main.o [1]
  .near_func.text    ro code  0x008d42    0xb5  long.o [4]
  .near_func.text    ro code  0x008df7    0x65  main.o [1]
  .near_func.text    ro code  0x008e5c    0x56  B_LUX_V22.o [1]
  .near_func.text    ro code  0x008eb2    0x47  long_util.o [4]
  .near_func.text    ro code  0x008ef9    0x3f  xprintfsmall_nomb.o [4]
  .near_func.text    ro code  0x008f38    0x37  xprintfsmall_nomb.o [4]
  .near_func.text    ro code  0x008f6f    0x35  xprintfsmall_nomb.o [4]
  .near_func.text    ro code  0x008fa4    0x2f  xprintfsmall_nomb.o [4]
  .near_func.text    ro code  0x008fd3    0x29  main.o [1]
  .near_func.text    ro code  0x008ffc    0x28  init_small.o [4]
  Initializer bytes  const    0x009024    0x28  <for P2-1>
  .near_func.text    ro code  0x00904c    0x24  main.o [1]
  .near_func.text    ro code  0x009070    0x23  short.o [4]
  .iar.init_table    const    0x009093    0x12  - Linker created -
  .near_func.text    ro code  0x0090a5    0x20  printf.o [4]
  .near_func.text    ro code  0x0090c5    0x1e  init_small.o [4]
  .near_func.text    ro code  0x0090e3    0x1b  B_LUX_V22.o [1]
  .near_func.text    ro code  0x0090fe    0x1b  xprout.o [4]
  .near_func.text    ro code  0x009119    0x1a  dc_util.o [4]
  .near_func.text    ro code  0x009133    0x18  memchr.o [4]
  .near_func.text    ro code  0x00914b    0x17  init.o [4]
  .near_func.text    ro code  0x009162    0x15  strchr.o [4]
  .near_func.text    ro code  0x009177    0x14  __dbg_xxexit.o [3]
  .near_func.text    ro code  0x00918b    0x14  xprintfsmall_nomb.o [4]
  .near_func.text    ro code  0x00919f    0x13  cstartup.o [4]
  .near_func.text    ro code  0x0091b2    0x12  strlen.o [4]
  .near.rodata       const    0x0091c4    0x11  main.o [1]
  .near.rodata       const    0x0091d5    0x11  main.o [1]
  .near_func.text    ro code  0x0091e6    0x10  xprintfsmall_nomb.o [4]
  .near.rodata       const    0x0091f6     0xc  main.o [1]
  .near_func.text    ro code  0x009202     0xa  xprintfsmall_nomb.o [4]
  .near.rodata       const    0x00920c     0x9  main.o [1]
  .near.rodata       const    0x009215     0x9  main.o [1]
  .near_func.text    ro code  0x00921e     0x9  xprintfsmall_nomb.o [4]
  .near.rodata       const    0x009227     0x8  main.o [1]
  .near_func.text    ro code  0x00922f     0x8  xprintfsmall_nomb.o [4]
  .near.rodata       const    0x009237     0x7  xprintfsmall_nomb.o [4]
  .near_func.text    ro code  0x00923e     0x7  putchar.o [4]
  .near_func.text    ro code  0x009245     0x6  xprintfsmall_nomb.o [4]
  .near_func.text    ro code  0x00924b     0x6  xprintfsmall_nomb.o [4]
  .near_func.text    ro code  0x009251     0x5  cexit.o [4]
  .near_func.text    ro code  0x009256     0x3  interrupt.o [4]
  .near_func.text    ro code  0x009259     0x3  low_level_init.o [4]
  .near_func.text    ro code  0x00925c     0x3  exit.o [4]
  .near_func.text    ro code  0x00925f     0x3  unhandled_exception.o [4]
  .near_func.text    ro code  0x009262     0x1  __dbg_break.o [3]
                            - 0x009263  0x11e3


*******************************************************************************
*** INIT TABLE
***

          Address   Size
          -------   ----
Zero (__iar_zero_init2)
    1 destination range, total size 0x62:
          0x000034  0x62

Copy (__iar_copy_init2)
    1 source range, total size 0x28:
          0x009024  0x28
    1 destination range, total size 0x28:
          0x00000c  0x28



*******************************************************************************
*** MODULE SUMMARY
***

    Module                 ro code  ro data  rw data  rw data
                                                       (abs)
    ------                 -------  -------  -------  -------
E:\WorkSpace\STM8\Flowerpot\Debug\Obj: [1]
    B_LUX_V22.o                507                10
    main.o                     872       72        8       34
    ---------------------------------------------------------
    Total:                   1 379       72       18       34

command line: [2]
    ---------------------------------------------------------
    Total:

dbgstm8smd.a: [3]
    __dbg_break.o                1
    __dbg_xxexit.o              20
    ---------------------------------------------------------
    Total:                      21

dlstm8smf.a: [4]
    cexit.o                      5
    cstartup.o                  19
    dc_util.o                   26
    exit.o                       3
    float.o                    686
    init.o                      23
    init_small.o                70
    interrupt.o                  3      128
    long.o                     181
    long_util.o                 71
    low_level_init.o             3
    memchr.o                    24
    printf.o                    32
    putchar.o                    7
    short.o                     35
    strchr.o                    21
    strlen.o                    18
    unhandled_exception.o        3
    vreg_util.o                195
    vregs.o                                       12
    xfiles.o                             40      120
    xprintfsmall_nomb.o      1 590        7
    xprout.o                    27
    ---------------------------------------------------------
    Total:                   3 042      175      132

    Linker created                       18      256
-------------------------------------------------------------
    Grand Total:             4 442      265      406       34


*******************************************************************************
*** ENTRY LIST
***

Entry                    Address   Size  Type      Object
-----                    -------   ----  ----      ------
.iar.init_table$$Base   0x009093          --   Gb  - Linker created -
.iar.init_table$$Limit  0x0090a5          --   Gb  - Linker created -
?and32_l0_l0_0x         0x008dc7         Code  Gb  long.o [4]
?and32_l0_l0_l1         0x008dc4         Code  Gb  long.o [4]
?b0                     0x000000         Data  Gb  vregs.o [4]
?b1                     0x000001         Data  Gb  vregs.o [4]
?b10                    0x00000a         Data  Gb  vregs.o [4]
?b11                    0x00000b         Data  Gb  vregs.o [4]
?b2                     0x000002         Data  Gb  vregs.o [4]
?b3                     0x000003         Data  Gb  vregs.o [4]
?b4                     0x000004         Data  Gb  vregs.o [4]
?b5                     0x000005         Data  Gb  vregs.o [4]
?b6                     0x000006         Data  Gb  vregs.o [4]
?b7                     0x000007         Data  Gb  vregs.o [4]
?b8                     0x000008         Data  Gb  vregs.o [4]
?b9                     0x000009         Data  Gb  vregs.o [4]
?dc32_l0                0x009119         Code  Gb  dc_util.o [4]
?dc32_l1                0x009126         Code  Gb  dc_util.o [4]
?e0                     0x000001         Data  Gb  vregs.o [4]
?e1                     0x000005         Data  Gb  vregs.o [4]
?e2                     0x000009         Data  Gb  vregs.o [4]
?epilogue_l2            0x008c34         Code  Gb  vreg_util.o [4]
?epilogue_w4            0x008c38         Code  Gb  vreg_util.o [4]
?fcastf32u16_l0_x       0x008573         Code  Gb  float.o [4]
?fcastu32f32_l0_l0      0x008591         Code  Gb  float.o [4]
?fdiv32_l0_l0_dc32      0x0084c0         Code  Gb  float.o [4]
?fdiv32_l0_l0_l1        0x0084c5         Code  Gb  float.o [4]
?fmul32_l0_l0_dc32      0x008420         Code  Gb  float.o [4]
?fmul32_l0_l0_l1        0x008425         Code  Gb  float.o [4]
?l0                     0x000000         Data  Gb  vregs.o [4]
?l1                     0x000004         Data  Gb  vregs.o [4]
?l2                     0x000008         Data  Gb  vregs.o [4]
?load32_0x_l0           0x008eeb         Code  Gb  long_util.o [4]
?load32_asp_l0          0x008edf         Code  Gb  long_util.o [4]
?load32_dbsp_l0         0x008eda         Code  Gb  long_util.o [4]
?load32_l0_0x           0x008ec2         Code  Gb  long_util.o [4]
?load32_l0_asp          0x008eb7         Code  Gb  long_util.o [4]
?load32_l0_dbsp         0x008eb2         Code  Gb  long_util.o [4]
?load32_l0_xsp          0x008eb9         Code  Gb  long_util.o [4]
?load32_l1_0x           0x008ece         Code  Gb  long_util.o [4]
?load32_xsp_l0          0x008ee1         Code  Gb  long_util.o [4]
?mov_e0_e1              0x008c5b         Code  Gb  vreg_util.o [4]
?mov_e0_e2              0x008c68         Code  Gb  vreg_util.o [4]
?mov_e1_e0              0x008c75         Code  Gb  vreg_util.o [4]
?mov_e2_e0              0x008c82         Code  Gb  vreg_util.o [4]
?mov_l0_l1              0x008c58         Code  Gb  vreg_util.o [4]
?mov_l0_l2              0x008c65         Code  Gb  vreg_util.o [4]
?mov_l1_l0              0x008c72         Code  Gb  vreg_util.o [4]
?mov_l2_l0              0x008c7f         Code  Gb  vreg_util.o [4]
?mov_w0_w5              0x008c3c         Code  Gb  vreg_util.o [4]
?mov_w1_w3              0x008c5e         Code  Gb  vreg_util.o [4]
?mov_w1_w5              0x008c6b         Code  Gb  vreg_util.o [4]
?mov_w3_w1              0x008c78         Code  Gb  vreg_util.o [4]
?mov_w4_w0              0x008c43         Code  Gb  vreg_util.o [4]
?mov_w4_w1              0x008c4a         Code  Gb  vreg_util.o [4]
?mov_w5_w0              0x008c51         Code  Gb  vreg_util.o [4]
?mov_w5_w1              0x008c85         Code  Gb  vreg_util.o [4]
?mul16_x_x_w0           0x009070         Code  Gb  short.o [4]
?neg32_l0_l0            0x008d42         Code  Gb  long.o [4]
?pop_l2                 0x008c21         Code  Gb  vreg_util.o [4]
?pop_w4                 0x008beb         Code  Gb  vreg_util.o [4]
?push_l0                0x008bfa         Code  Gb  vreg_util.o [4]
?push_l2                0x008bff         Code  Gb  vreg_util.o [4]
?push_w0                0x008bc9         Code  Gb  vreg_util.o [4]
?push_w1                0x008bce         Code  Gb  vreg_util.o [4]
?push_w4                0x008bd3         Code  Gb  vreg_util.o [4]
?sext32_l0_a            0x008dea         Code  Gb  long.o [4]
?sext32_l0_x            0x008ddf         Code  Gb  long.o [4]
?srl16_x_x_4            0x00908e         Code  Gb  short.o [4]
?udiv32_l0_dl_l1        0x008d52         Code  Gb  long.o [4]
?udiv32_l0_l0_l1        0x008d57         Code  Gb  long.o [4]
?umod32_l1_l0_l1        0x008d57         Code  Gb  long.o [4]
?w0                     0x000000         Data  Gb  vregs.o [4]
?w1                     0x000002         Data  Gb  vregs.o [4]
?w2                     0x000004         Data  Gb  vregs.o [4]
?w3                     0x000006         Data  Gb  vregs.o [4]
?w4                     0x000008         Data  Gb  vregs.o [4]
?w5                     0x00000a         Data  Gb  vregs.o [4]
ADC_DRH                 0x005404    0x1  Data  Gb  main.o [1]
ADC_DRL                 0x005405    0x1  Data  Gb  main.o [1]
ADC_Data_Read           0x00904c   0x24  Code  Gb  main.o [1]
ADC_Init                0x008fd3   0x29  Code  Gb  main.o [1]
BUF_0                   0x000084    0x8  Data  Gb  B_LUX_V22.o [1]
B_LUX_Delay5ms          0x0088d6    0xe  Code  Gb  B_LUX_V22.o [1]
B_LUX_Delay5us          0x0088ce    0x8  Code  Gb  B_LUX_V22.o [1]
B_LUX_GetLux            0x008e5c   0x56  Code  Gb  B_LUX_V22.o [1]
B_LUX_Init              0x008a3d   0x1b  Code  Gb  B_LUX_V22.o [1]
B_LUX_Multiple_read     0x008a04   0x39  Code  Gb  B_LUX_V22.o [1]
B_LUX_RecvACK           0x00893a   0x33  Code  Gb  B_LUX_V22.o [1]
B_LUX_RecvByte          0x0089aa   0x48  Code  Gb  B_LUX_V22.o [1]
B_LUX_SendACK           0x008914   0x26  Code  Gb  B_LUX_V22.o [1]
B_LUX_SendByte          0x00896d   0x3d  Code  Gb  B_LUX_V22.o [1]
B_LUX_Single_Write      0x0089f2   0x12  Code  Gb  B_LUX_V22.o [1]
B_LUX_Start             0x0088e4   0x17  Code  Gb  B_LUX_V22.o [1]
B_LUX_Stop              0x0088fb   0x19  Code  Gb  B_LUX_V22.o [1]
B_LUX_delay_nms         0x0090e3   0x1b  Code  Gb  B_LUX_V22.o [1]
CSTACK$$Base            0x000300          --   Gb  - Linker created -
CSTACK$$Limit           0x000400          --   Gb  - Linker created -
DATA_IN                 0x008729    0xd  Code  Gb  main.o [1]
DATA_OUT                0x00871c    0xd  Code  Gb  main.o [1]
DHT11_CHECK             0x0087a6   0x65  Code  Gb  main.o [1]
DHT11_RST               0x008783   0x23  Code  Gb  main.o [1]
DHTFLAG                 0x000095    0x1  Data  Gb  main.o [1]
EXTI_PA                 0x008736    0x5  Code  Gb  main.o [1]
GPIOA_IRQHandler        0x008df7   0x65  Code  Gb  main.o [1]
INTVEC$$Base            0x008000          --   Gb  - Linker created -
INTVEC$$Limit           0x008080          --   Gb  - Linker created -
LoadInt                 0x008ef9   0x3f  Code  Lc  xprintfsmall_nomb.o [4]
Region$$Table$$Base     0x009093          --   Gb  - Linker created -
Region$$Table$$Limit    0x0090a5          --   Gb  - Linker created -
TIM2_ARRH               0x00530f    0x1  Data  Gb  main.o [1]
TIM2_ARRL               0x005310    0x1  Data  Gb  main.o [1]
TIM2_CNTRH              0x00530c    0x1  Data  Gb  main.o [1]
TIM2_CNTRL              0x00530d    0x1  Data  Gb  main.o [1]
TIM2_Config             0x00873b   0x19  Code  Gb  main.o [1]
TIM2_Delayus            0x008754   0x1e  Code  Gb  main.o [1]
TIM4_CNTR               0x005346    0x1  Data  Gb  main.o [1]
TIM4_Config             0x008772   0x11  Code  Gb  main.o [1]
UART1_BRR1              0x005232    0x1  Data  Gb  main.o [1]
UART1_BRR2              0x005233    0x1  Data  Gb  main.o [1]
UART1_DHT_Display       0x00880b   0xc3  Code  Gb  main.o [1]
UART1_DR                0x005231    0x1  Data  Gb  main.o [1]
UART1_Init              0x0086db   0x41  Code  Gb  main.o [1]
UART1_SendData          0x0086ce    0x9  Code  Gb  main.o [1]
_A_ADC_CR1              0x005401    0x1  Data  Gb  main.o [1]
_A_ADC_CR2              0x005402    0x1  Data  Gb  main.o [1]
_A_ADC_CSR              0x005400    0x1  Data  Gb  main.o [1]
_A_CLK_CKDIVR           0x0050c6    0x1  Data  Gb  main.o [1]
_A_EXTI_CR1             0x0050a0    0x1  Data  Gb  main.o [1]
_A_PA_CR1               0x005003    0x1  Data  Gb  main.o [1]
_A_PA_CR2               0x005004    0x1  Data  Gb  main.o [1]
_A_PA_DDR               0x005002    0x1  Data  Gb  main.o [1]
_A_PA_IDR               0x005001    0x1  Data  Gb  main.o [1]
_A_PA_ODR               0x005000    0x1  Data  Gb  main.o [1]
_A_PC_CR1               0x00500d    0x1  Data  Gb  main.o [1]
_A_PC_CR2               0x00500e    0x1  Data  Gb  main.o [1]
_A_PC_DDR               0x00500c    0x1  Data  Gb  main.o [1]
_A_PD_CR1               0x005012    0x1  Data  Gb  main.o [1]
_A_PD_DDR               0x005011    0x1  Data  Gb  main.o [1]
_A_TIM2_CR1             0x005300    0x1  Data  Gb  main.o [1]
_A_TIM2_PSCR            0x00530e    0x1  Data  Gb  main.o [1]
_A_TIM2_SR1             0x005304    0x1  Data  Gb  main.o [1]
_A_TIM4_CR1             0x005340    0x1  Data  Gb  main.o [1]
_A_TIM4_PSCR            0x005347    0x1  Data  Gb  main.o [1]
_A_TIM4_SR              0x005344    0x1  Data  Gb  main.o [1]
_A_UART1_CR1            0x005234    0x1  Data  Gb  main.o [1]
_A_UART1_CR2            0x005235    0x1  Data  Gb  main.o [1]
_A_UART1_SR             0x005230    0x1  Data  Gb  main.o [1]
_LitobSmallNoMb         0x008a58  0x171  Code  Lc  xprintfsmall_nomb.o [4]
_PrintfSmallNoMb        0x008080  0x3a0  Code  Gb  xprintfsmall_nomb.o [4]
_Prout                  0x0090fe   0x1b  Code  Gb  xprout.o [4]
_PutcharSmallNoMb       0x008fa4   0x2f  Code  Lc  xprintfsmall_nomb.o [4]
_PutcharsSmallNoMb      0x008f6f   0x35  Code  Lc  xprintfsmall_nomb.o [4]
__DebugBreak            0x009262    0x1  Code  Gb  __dbg_break.o [3]
__exit                  0x009177   0x14  Code  Gb  __dbg_xxexit.o [3]
__iar_Memchr            0x009133   0x18  Code  Gb  memchr.o [4]
__iar_Stdout            0x00000c   0x28  Data  Gb  xfiles.o [4]
__iar_Strchr            0x009162   0x15  Code  Gb  strchr.o [4]
__iar_copy_init2        0x008ffc         Code  Gb  init_small.o [4]
__iar_data_init2        0x00914b   0x17  Code  Gb  init.o [4]
__iar_program_start     0x00919f         Code  Gb  cstartup.o [4]
__iar_unhandled_exception
                        0x00925f         Code  Gb  unhandled_exception.o [4]
__iar_zero_init2        0x0090c5         Code  Gb  init_small.o [4]
__intvec                0x008000         Data  Gb  interrupt.o [4]
__low_level_init        0x009259    0x3  Code  Gb  low_level_init.o [4]
_exit                   0x009251         Code  Gb  cexit.o [4]
_interrupt_5            0x008df7         Code  Gb  main.o [1]
data_dh11               0x00008c    0x3  Data  Gb  main.o [1]
datanum                 0x000093    0x1  Data  Gb  main.o [1]
datareg                 0x000092    0x1  Data  Gb  main.o [1]
datatime                0x000091    0x1  Data  Gb  main.o [1]
dis_data_0              0x00008f    0x2  Data  Gb  B_LUX_V22.o [1]
exit                    0x00925c    0x3  Code  Gb  exit.o [4]
fputc                   0x0086d7    0x4  Code  Gb  main.o [1]
main                    0x008c8c   0xb6  Code  Gb  main.o [1]
obuf                    0x000034   0x50  Data  Lc  xfiles.o [4]
outline                 0x000094    0x1  Data  Gb  main.o [1]
pad                     0x008f38   0x37  Code  Lc  xprintfsmall_nomb.o [4]
printf                  0x0090a5   0x20  Code  Gb  printf.o [4]
putchar                 0x00923e    0x7  Code  Gb  putchar.o [4]
strlen                  0x0091b2   0x12  Code  Gb  strlen.o [4]


[1] = E:\WorkSpace\STM8\Flowerpot\Debug\Obj
[2] = command line
[3] = dbgstm8smd.a
[4] = dlstm8smf.a

  4 442 bytes of readonly  code memory
    265 bytes of readonly  data memory
    406 bytes of readwrite data memory (+ 34 absolute)

Errors: none
Warnings: none
